// Jest Snapshot v1, https://goo.gl/fbAQLP

exports[`DesignerApi should be able to render on the DOM 1`] = `
<ContextProvider
  id="sdk-provider"
  value={
    Array [
      Object {
        "Configuration": Object {
          "Annotation": "",
          "Configuration": Object {},
        },
      },
      [Function],
    ]
  }
>
  <Child
    locale="en"
    messages={Object {}}
    paletteType="light"
    theme={Object {}}
  />
</ContextProvider>
`;
